[LOG] system_create                            : Header version = 2.03.07. Current version = 2.03.07.
[LOG] Manager::init                            : maxchannels = 256 studioflags = 00000006 flags 00000000 extradriverdata (nil).
[LOG] SystemI::init                            : Initialize version=20307 (150747), maxchannels=256, flags=0x00020000
[LOG] SystemI::setOutputInternal               : Setting output to 'FMOD PulseAudio Output'
[LOG] OutputPulseAudio::PulseAudio_RegisterLib : Loaded PulseAudio version 17.0.0.
[LOG] PulseAudio_EnumOutputCallback            : Found output device NAME:audiorelay-virtual-mic-sink DESC:AudioRelay Mic&Sink CHANNELS:2 RATE:48000.
[LOG] PulseAudio_EnumOutputCallback            : Found output device NAME:audiorelay_Speaker DESC:AudioRelay Speaker CHANNELS:2 RATE:48000.
[LOG] PulseAudio_EnumOutputCallback            : Found output device NAME:alsa_output.pci-0000_64_00.6.analog-stereo DESC:Family 17h/19h/1ah HD Audio Controller Stéréo analogique CHANNELS:2 RATE:48000.
[LOG] PulseAudio_EnumOutputCallback            : Found output device NAME:alsa_output.pci-0000_01_00.1.hdmi-stereo DESC:AD107 High Definition Audio Controller Stéréo numérique (HDMI) CHANNELS:2 RATE:48000.
[LOG] PulseAudio_EnumInputCallback             : Found input device NAME:audiorelay-virtual-mic-sink DESC:AudioRelay Mic&Sink CHANNELS:2 RATE:48000.
[LOG] PulseAudio_EnumInputCallback             : Found input device NAME:audiorelay_Speaker.monitor DESC:Monitor of AudioRelay Speaker CHANNELS:2 RATE:48000.
[LOG] PulseAudio_EnumInputCallback             : Found input device NAME:alsa_output.pci-0000_64_00.6.analog-stereo.monitor DESC:Monitor of Family 17h/19h/1ah HD Audio Controller Stéréo analogique CHANNELS:2 RATE:48000.
[LOG] PulseAudio_EnumInputCallback             : Found input device NAME:alsa_input.pci-0000_64_00.6.analog-stereo DESC:Family 17h/19h/1ah HD Audio Controller Stéréo analogique CHANNELS:2 RATE:48000.
[LOG] PulseAudio_EnumInputCallback             : Found input device NAME:alsa_output.pci-0000_01_00.1.hdmi-stereo.monitor DESC:Monitor of AD107 High Definition Audio Controller Stéréo numérique (HDMI) CHANNELS:2 RATE:48000.
[LOG] Thread::initThread                       : Init FMOD stream thread. Affinity: 0x4000000000000003, Priority: 0xFFFF7FFB, Stack Size: 98304, Semaphore: No, Sleep Time: 10, Looping: Yes.
[LOG] SystemI::DSPCodecPoolRegister            : register codec pool for pool type 0
[LOG] Thread::initThread                       : Init FMOD mixer thread. Affinity: 0x4000000000000001, Priority: 0xFFFF7FFA, Stack Size: 81920, Semaphore: No, Sleep Time: 0, Looping: Yes.
[LOG] AsyncManager::init                       : manager 0x55b62f46b0c8 isAsync 0 updatePeriod 0.02
[LOG] AsyncManager::init                       : done
[LOG] PlaybackSystem::init                     : 
[LOG] Thread::initThread                       : Init FMOD Studio sample load thread. Affinity: 0x4000000000000003, Priority: 0xFFFF7FFD, Stack Size: 98304, Semaphore: No, Sleep Time: 1, Looping: No.
[LOG] PlaybackSystem::init                     : done
[LOG] Thread::initThread                       : Init FMOD Studio bank load thread. Affinity: 0x4000000000000003, Priority: 0xFFFF7FFD, Stack Size: 98304, Semaphore: No, Sleep Time: 1, Looping: No.
[LOG] Manager::init                            : done.
[LOG] BankLoader::serializeBank                : fileversion = 146, compatVersion = 146 (oldest = 44, newest = 146)
[LOG] BankLoader::serializeBank                : fileversion = 146, compatVersion = 146 (oldest = 44, newest = 146)
[LOG] PlaybackSystem::acquireMasterBus         : Setting master channel group format to 6
[LOG] BankLoader::serializeBank                : fileversion = 146, compatVersion = 146 (oldest = 44, newest = 146)
[LOG] BankLoader::serializeBank                : fileversion = 146, compatVersion = 146 (oldest = 44, newest = 146)
[LOG] PlaybackSystem::acquireMasterBus         : Setting master channel group format to 6
[LOG] SystemI::createSoundInternal             : Create name='', mode=0x02000202
[LOG] SystemI::createSoundInternal             : exinfo->cbsize             = 224
[LOG] SystemI::createSoundInternal             : exinfo->length             = 10176896
[LOG] SystemI::createSoundInternal             : exinfo->fileoffset         = 63776
[LOG] SystemI::createSoundInternal             : exinfo->numsubsounds       = 1
[LOG] SystemI::createSoundInternal             : exinfo->inclusionlist      = 0x7f82c92366fc
[LOG] SystemI::createSoundInternal             : exinfo->inclusionlistnum   = 1
[LOG] SystemI::createSoundInternal             : exinfo->suggestedsoundtype = 5
[LOG] SystemI::createSoundInternal             : exinfo->useropen           = 0x7f7f78346e40
[LOG] SystemI::createSoundInternal             : exinfo->userclose          = 0x7f7f78346f00
[LOG] SystemI::createSoundInternal             : exinfo->userread           = 0x7f7f78346f30
[LOG] SystemI::createSoundInternal             : exinfo->userseek           = 0x7f7f78346fc0
[LOG] SystemI::createSoundInternal             : exinfo->fileuserdata       = 0x7f7fb0000e58
[LOG] SystemI::createSoundInternal             : exinfo->initialseekpostype = 1
[LOG] SystemI::DSPCodecPoolRegister            : register codec pool for pool type 4
[LOG] SystemI::createSoundInternal             : Sample 0/1: name='Interface - Card 1', format=5, channels=2, frequency=48000, lengthbytes=5824, lengthpcm=25344, pcmblocksize=0, loopstart=0, loopend=0, mode=0x00000000, channelmask=0x00000000, channelorder=0, peakvolume=0.310394.
[LOG] SoundI::release                          :  (0x7f7fb00c0d38)
[LOG] SoundI::release                          :     Interface - Card 1 (0x7f7fb00c0e98)
[LOG] BankLoader::serializeBank                : fileversion = 146, compatVersion = 146 (oldest = 44, newest = 146)
[LOG] BankLoader::serializeBank                : fileversion = 146, compatVersion = 146 (oldest = 44, newest = 146)
[LOG] PlaybackSystem::acquireMasterBus         : Setting master channel group format to 6
[LOG] SystemI::createSoundInternal             : Create name='', mode=0x02000202
[LOG] SystemI::createSoundInternal             : exinfo->cbsize             = 224
[LOG] SystemI::createSoundInternal             : exinfo->length             = 10176896
[LOG] SystemI::createSoundInternal             : exinfo->fileoffset         = 63776
[LOG] SystemI::createSoundInternal             : exinfo->numsubsounds       = 1
[LOG] SystemI::createSoundInternal             : exinfo->inclusionlist      = 0x7f82c92366fc
[LOG] SystemI::createSoundInternal             : exinfo->inclusionlistnum   = 1
[LOG] SystemI::createSoundInternal             : exinfo->suggestedsoundtype = 5
[LOG] SystemI::createSoundInternal             : exinfo->useropen           = 0x7f7f78346e40
[LOG] SystemI::createSoundInternal             : exinfo->userclose          = 0x7f7f78346f00
[LOG] SystemI::createSoundInternal             : exinfo->userread           = 0x7f7f78346f30
[LOG] SystemI::createSoundInternal             : exinfo->userseek           = 0x7f7f78346fc0
[LOG] SystemI::createSoundInternal             : exinfo->fileuserdata       = 0x7f7fb0000e58
[LOG] SystemI::createSoundInternal             : exinfo->initialseekpostype = 1
[LOG] SystemI::DSPCodecPoolRegister            : register codec pool for pool type 4
[LOG] SystemI::createSoundInternal             : Sample 0/1: name='Interface - Card 2', format=5, channels=2, frequency=48000, lengthbytes=9024, lengthpcm=34560, pcmblocksize=0, loopstart=0, loopend=0, mode=0x00000000, channelmask=0x00000000, channelorder=0, peakvolume=0.337036.
[LOG] SoundI::release                          :  (0x7f7fb0005478)
[LOG] SoundI::release                          :     Interface - Card 2 (0x7f7fb00055d8)
[LOG] BankLoader::serializeBank                : fileversion = 146, compatVersion = 146 (oldest = 44, newest = 146)
[LOG] BankLoader::serializeBank                : fileversion = 146, compatVersion = 146 (oldest = 44, newest = 146)
[LOG] PlaybackSystem::acquireMasterBus         : Setting master channel group format to 6
[LOG] SystemI::createSoundInternal             : Create name='', mode=0x02000202
[LOG] SystemI::createSoundInternal             : exinfo->cbsize             = 224
[LOG] SystemI::createSoundInternal             : exinfo->length             = 10176896
[LOG] SystemI::createSoundInternal             : exinfo->fileoffset         = 63776
[LOG] SystemI::createSoundInternal             : exinfo->numsubsounds       = 1
[LOG] SystemI::createSoundInternal             : exinfo->inclusionlist      = 0x7f82c92366fc
[LOG] SystemI::createSoundInternal             : exinfo->inclusionlistnum   = 1
[LOG] SystemI::createSoundInternal             : exinfo->suggestedsoundtype = 5
[LOG] SystemI::createSoundInternal             : exinfo->useropen           = 0x7f7f78346e40
[LOG] SystemI::createSoundInternal             : exinfo->userclose          = 0x7f7f78346f00
[LOG] SystemI::createSoundInternal             : exinfo->userread           = 0x7f7f78346f30
[LOG] SystemI::createSoundInternal             : exinfo->userseek           = 0x7f7f78346fc0
[LOG] SystemI::createSoundInternal             : exinfo->fileuserdata       = 0x7f7fb0000e58
[LOG] SystemI::createSoundInternal             : exinfo->initialseekpostype = 1
[LOG] SystemI::DSPCodecPoolRegister            : register codec pool for pool type 4
[LOG] SystemI::createSoundInternal             : Sample 0/1: name='Interface - Card 1', format=5, channels=2, frequency=48000, lengthbytes=5824, lengthpcm=25344, pcmblocksize=0, loopstart=0, loopend=0, mode=0x00000000, channelmask=0x00000000, channelorder=0, peakvolume=0.310394.
[LOG] SystemI::createSoundInternal             : Create name='', mode=0x02000202
[LOG] SystemI::createSoundInternal             : exinfo->cbsize             = 224
[LOG] SystemI::createSoundInternal             : exinfo->length             = 10176896
[LOG] SystemI::createSoundInternal             : exinfo->fileoffset         = 63776
[LOG] SystemI::createSoundInternal             : exinfo->numsubsounds       = 1
[LOG] SystemI::createSoundInternal             : exinfo->inclusionlist      = 0x7f82c92366fc
[LOG] SystemI::createSoundInternal             : exinfo->inclusionlistnum   = 1
[LOG] SystemI::createSoundInternal             : exinfo->suggestedsoundtype = 5
[LOG] SystemI::createSoundInternal             : exinfo->useropen           = 0x7f7f78346e40
[LOG] SystemI::createSoundInternal             : exinfo->userclose          = 0x7f7f78346f00
[LOG] SystemI::createSoundInternal             : exinfo->userread           = 0x7f7f78346f30
[LOG] SystemI::createSoundInternal             : exinfo->userseek           = 0x7f7f78346fc0
[LOG] SystemI::createSoundInternal             : exinfo->fileuserdata       = 0x7f7fb0000e58
[LOG] SystemI::createSoundInternal             : exinfo->initialseekpostype = 1
[LOG] SystemI::DSPCodecPoolRegister            : register codec pool for pool type 4
[LOG] SystemI::createSoundInternal             : Sample 0/1: name='Interface - Card 3', format=5, channels=2, frequency=48000, lengthbytes=10816, lengthpcm=39168, pcmblocksize=0, loopstart=0, loopend=0, mode=0x00000000, channelmask=0x00000000, channelorder=0, peakvolume=0.171844.
[LOG] SystemI::createSoundInternal             : Create name='', mode=0x02000202
[LOG] SystemI::createSoundInternal             : exinfo->cbsize             = 224
[LOG] SystemI::createSoundInternal             : exinfo->length             = 10176896
[LOG] SystemI::createSoundInternal             : exinfo->fileoffset         = 63776
[LOG] SystemI::createSoundInternal             : exinfo->numsubsounds       = 1
[LOG] SystemI::createSoundInternal             : exinfo->inclusionlist      = 0x7f82c92366fc
[LOG] SystemI::createSoundInternal             : exinfo->inclusionlistnum   = 1
[LOG] SystemI::createSoundInternal             : exinfo->suggestedsoundtype = 5
[LOG] SystemI::createSoundInternal             : exinfo->useropen           = 0x7f7f78346e40
[LOG] SystemI::createSoundInternal             : exinfo->userclose          = 0x7f7f78346f00
[LOG] SystemI::createSoundInternal             : exinfo->userread           = 0x7f7f78346f30
[LOG] SystemI::createSoundInternal             : exinfo->userseek           = 0x7f7f78346fc0
[LOG] SystemI::createSoundInternal             : exinfo->fileuserdata       = 0x7f7fb0000e58
[LOG] SystemI::createSoundInternal             : exinfo->initialseekpostype = 1
[LOG] SystemI::DSPCodecPoolRegister            : register codec pool for pool type 4
[LOG] SystemI::createSoundInternal             : Sample 0/1: name='Interface - Card 2', format=5, channels=2, frequency=48000, lengthbytes=9024, lengthpcm=34560, pcmblocksize=0, loopstart=0, loopend=0, mode=0x00000000, channelmask=0x00000000, channelorder=0, peakvolume=0.337036.
[LOG] SoundI::release                          :  (0x7f7fb00c2b78)
[LOG] SoundI::release                          :     Interface - Card 3 (0x7f7fb00c2cd8)
[LOG] SoundI::release                          :  (0x7f7fb00c1018)
[LOG] SoundI::release                          :     Interface - Card 1 (0x7f7fb00c1178)
[LOG] SoundI::release                          :  (0x7f7fb00c5a58)
[LOG] SoundI::release                          :     Interface - Card 2 (0x7f7fb00c5bb8)
[LOG] BankLoader::serializeBank                : fileversion = 146, compatVersion = 146 (oldest = 44, newest = 146)
[LOG] BankLoader::serializeBank                : fileversion = 146, compatVersion = 146 (oldest = 44, newest = 146)
[LOG] PlaybackSystem::acquireMasterBus         : Setting master channel group format to 6
[LOG] SystemI::createSoundInternal             : Create name='', mode=0x02000202
[LOG] SystemI::createSoundInternal             : exinfo->cbsize             = 224
[LOG] SystemI::createSoundInternal             : exinfo->length             = 10176896
[LOG] SystemI::createSoundInternal             : exinfo->fileoffset         = 63776
[LOG] SystemI::createSoundInternal             : exinfo->numsubsounds       = 1
[LOG] SystemI::createSoundInternal             : exinfo->inclusionlist      = 0x7f82c92366fc
[LOG] SystemI::createSoundInternal             : exinfo->inclusionlistnum   = 1
[LOG] SystemI::createSoundInternal             : exinfo->suggestedsoundtype = 5
[LOG] SystemI::createSoundInternal             : exinfo->useropen           = 0x7f7f78346e40
[LOG] SystemI::createSoundInternal             : exinfo->userclose          = 0x7f7f78346f00
[LOG] SystemI::createSoundInternal             : exinfo->userread           = 0x7f7f78346f30
[LOG] SystemI::createSoundInternal             : exinfo->userseek           = 0x7f7f78346fc0
[LOG] SystemI::createSoundInternal             : exinfo->fileuserdata       = 0x7f7fb0000e58
[LOG] SystemI::createSoundInternal             : exinfo->initialseekpostype = 1
[LOG] SystemI::DSPCodecPoolRegister            : register codec pool for pool type 4
[LOG] SystemI::createSoundInternal             : Sample 0/1: name='Interface - Card 2', format=5, channels=2, frequency=48000, lengthbytes=9024, lengthpcm=34560, pcmblocksize=0, loopstart=0, loopend=0, mode=0x00000000, channelmask=0x00000000, channelorder=0, peakvolume=0.337036.
[LOG] SoundI::release                          :  (0x7f7fb00c5168)
[LOG] SoundI::release                          :     Interface - Card 2 (0x7f7fb00c52c8)
[LOG] BankLoader::serializeBank                : fileversion = 146, compatVersion = 146 (oldest = 44, newest = 146)
[LOG] BankLoader::serializeBank                : fileversion = 146, compatVersion = 146 (oldest = 44, newest = 146)
[LOG] PlaybackSystem::acquireMasterBus         : Setting master channel group format to 6
[LOG] SystemI::createSoundInternal             : Create name='', mode=0x02000202
[LOG] SystemI::createSoundInternal             : exinfo->cbsize             = 224
[LOG] SystemI::createSoundInternal             : exinfo->length             = 10176896
[LOG] SystemI::createSoundInternal             : exinfo->fileoffset         = 63776
[LOG] SystemI::createSoundInternal             : exinfo->numsubsounds       = 1
[LOG] SystemI::createSoundInternal             : exinfo->inclusionlist      = 0x7f82c92366fc
[LOG] SystemI::createSoundInternal             : exinfo->inclusionlistnum   = 1
[LOG] SystemI::createSoundInternal             : exinfo->suggestedsoundtype = 5
[LOG] SystemI::createSoundInternal             : exinfo->useropen           = 0x7f7f78346e40
[LOG] SystemI::createSoundInternal             : exinfo->userclose          = 0x7f7f78346f00
[LOG] SystemI::createSoundInternal             : exinfo->userread           = 0x7f7f78346f30
[LOG] SystemI::createSoundInternal             : exinfo->userseek           = 0x7f7f78346fc0
[LOG] SystemI::createSoundInternal             : exinfo->fileuserdata       = 0x7f7fb0000e58
[LOG] SystemI::createSoundInternal             : exinfo->initialseekpostype = 1
[LOG] SystemI::DSPCodecPoolRegister            : register codec pool for pool type 4
[LOG] SystemI::createSoundInternal             : Sample 0/1: name='Interface - Select Menu 2', format=5, channels=2, frequency=48000, lengthbytes=5888, lengthpcm=23040, pcmblocksize=0, loopstart=0, loopend=0, mode=0x00000000, channelmask=0x00000000, channelorder=0, peakvolume=0.308990.
[LOG] SoundI::release                          :  (0x7f7fb00c11b8)
[LOG] SoundI::release                          :     Interface - Select Menu 2 (0x7f7fb00c1318)
[LOG] Thread::callback                         : FMOD Studio bank load thread finished.
[LOG] Thread::callback                         : FMOD Studio sample load thread finished.
[LOG] LiveUpdate::release                      : 
[LOG] LiveUpdate::reset                        : Reset connection (reason Disconnected)
[LOG] Thread::callback                         : FMOD stream thread finished.
[LOG] Thread::callback                         : FMOD mixer thread finished.
[LOG] SystemI::closeInternal                   : Closed.
